// Jest Snapshot v1, https://goo.gl/fbAQLP

exports[`Tests on <SearchScreen /> should show default values correctly 1`] = `
Array [
  <h1
    className="my-5"
  >
    Searches
  </h1>,
  <div
    className="flex flex-row"
  >
    <div
      className="w-4/12"
    >
      <h1>
        Search
      </h1>
      <hr />
      <form
        onSubmit={[Function]}
      >
        <input
          autoComplete="off"
          className="block px-2 py-1 mt-5 w-full"
          name="searchText"
          onChange={[Function]}
          placeholder="Search hero"
          type="text"
          value=""
        />
        <button
          className="mt-3 px-6 py-2.5 bg-white text-blue-600 hover:text-white font-medium text-xs border border-blue-600 leading-tight rounded shadow-md hover:bg-blue-600 hover:shadow-lg focus:shadow-lg focus:outline-none focus:ring-0 active:bg-blue-600 active:shadow-lg transition duration-150 ease-in-out"
          type="submit"
        >
          Search
        </button>
      </form>
    </div>
    <div
      className="w-8/12"
    >
      <h4>
        Results
      </h4>
      <hr />
      <div
        className="bg-blue-100 rounded-lg m-3 py-3 px-6 mb-4 text-base text-blue-700 mb-3"
        role="alert"
      >
        Search a hero
      </div>
    </div>
  </div>,
]
`;
